[backblue.gif]
[fade.gif]
[index.html]
[template.gridbootstrap.com/eventup/images/ico/favicon.ico]
[template.gridbootstrap.com/eventup/images/logo.png]
[template.gridbootstrap.com/eventup/images/speaker/1.jpg]
[template.gridbootstrap.com/eventup/images/speaker/2.jpg]
[template.gridbootstrap.com/eventup/images/speaker/3.jpg]
[template.gridbootstrap.com/eventup/images/speaker/4.jpg]
[template.gridbootstrap.com/eventup/images/speaker/5.jpg]
[template.gridbootstrap.com/eventup/images/speaker/6.jpg]
[template.gridbootstrap.com/eventup/images/speaker/7.jpg]
[template.gridbootstrap.com/eventup/images/speaker/8.jpg]
[template.gridbootstrap.com/eventup/images/others/author.png]
[template.gridbootstrap.com/eventup/images/others/author1.png]
[template.gridbootstrap.com/eventup/images/others/author2.png]
[template.gridbootstrap.com/eventup/images/others/author3.png]
[template.gridbootstrap.com/eventup/images/others/author4.png]
[template.gridbootstrap.com/eventup/images/brand/1.jpg]
[template.gridbootstrap.com/eventup/images/brand/2.jpg]
[template.gridbootstrap.com/eventup/images/brand/3.jpg]
[template.gridbootstrap.com/eventup/images/brand/4.jpg]
[template.gridbootstrap.com/eventup/images/brand/5.jpg]
[template.gridbootstrap.com/eventup/images/others/facebook.png]
[template.gridbootstrap.com/eventup/images/others/twitter.png]
[template.gridbootstrap.com/eventup/images/others/youtube.png]
[template.gridbootstrap.com/eventup/images/others/instagram.png]
[template.gridbootstrap.com/eventup/images/others/whatsapp.png]
[template.gridbootstrap.com/eventup/images/others/google-plus.png]
[template.gridbootstrap.com/eventup/js/jquery.min.js]
[template.gridbootstrap.com/eventup/js/bootstrap.min.js]
[template.gridbootstrap.com/eventup/js/countdown.js]
[template.gridbootstrap.com/eventup/js/slick.min.js]
[template.gridbootstrap.com/eventup/js/gmaps.min.js]
[template.gridbootstrap.com/eventup/js/magnific-popup.min.js]
[template.gridbootstrap.com/eventup/js/main.js]
[template.gridbootstrap.com/eventup/index.html]
[template.gridbootstrap.com/eventup/css/bootstrap.min.css]
[template.gridbootstrap.com/eventup/fonts/fontawesome-webfont3e6e.eot]
[template.gridbootstrap.com/eventup/fonts/fontawesome-webfontd41d.eot]
[template.gridbootstrap.com/eventup/fonts/fontawesome-webfont3e6e.woff2]
[template.gridbootstrap.com/eventup/fonts/fontawesome-webfont3e6e.woff]
[template.gridbootstrap.com/eventup/fonts/fontawesome-webfont3e6e.ttf]
[template.gridbootstrap.com/eventup/css/font-awesome.min.css]
[template.gridbootstrap.com/eventup/css/magnific-popup.css]
[template.gridbootstrap.com/eventup/css/animate.css]
[template.gridbootstrap.com/eventup/css/slick.css]
[template.gridbootstrap.com/eventup/css/plyr.css]
[template.gridbootstrap.com/eventup/images/bg/breadcrumb-bg.jpg]
[template.gridbootstrap.com/eventup/images/bg/home-bg.jpg]
[template.gridbootstrap.com/eventup/images/bg/cta-1-bg.jpg]
[template.gridbootstrap.com/eventup/images/bg/Schedule-bg.jpg]
[template.gridbootstrap.com/eventup/images/bg/brand-bg.jpg]
[template.gridbootstrap.com/eventup/images/others/dots-before.png]
[template.gridbootstrap.com/eventup/images/bg/cta-2-bg.jpg]
[template.gridbootstrap.com/eventup/images/bg/event-bg.jpg]
[template.gridbootstrap.com/eventup/css/main.css]
[template.gridbootstrap.com/eventup/css/skin.css]
[template.gridbootstrap.com/eventup/css/responsive.css]
[template.gridbootstrap.com/images/ico/apple-touch-icon-precomposed.html]
[template.gridbootstrap.com/images/ico/apple-touch-icon-114-precomposed.html]
[template.gridbootstrap.com/images/ico/apple-touch-icon-72-precomposed.html]
[template.gridbootstrap.com/images/ico/apple-touch-icon-57-precomposed.html]
[template.gridbootstrap.com/eventup/index-2.html]
[template.gridbootstrap.com/eventup/images/others/about.jpg]
[template.gridbootstrap.com/eventup/about.html]
[template.gridbootstrap.com/eventup/speaker.html]
[template.gridbootstrap.com/eventup/schedule.html]
[template.gridbootstrap.com/eventup/images/blog/1.jpg]
[template.gridbootstrap.com/eventup/images/blog/2.jpg]
[template.gridbootstrap.com/eventup/images/blog/3.jpg]
[template.gridbootstrap.com/eventup/images/blog/4.jpg]
[template.gridbootstrap.com/eventup/blog.html]
[template.gridbootstrap.com/eventup/images/gallery/1.jpg]
[template.gridbootstrap.com/eventup/images/gallery/2.jpg]
[template.gridbootstrap.com/eventup/images/gallery/3.jpg]
[template.gridbootstrap.com/eventup/images/gallery/4.jpg]
[template.gridbootstrap.com/eventup/images/gallery/5.jpg]
[template.gridbootstrap.com/eventup/images/gallery/6.jpg]
[template.gridbootstrap.com/eventup/images/gallery/7.jpg]
[template.gridbootstrap.com/eventup/images/gallery/8.jpg]
[template.gridbootstrap.com/eventup/images/gallery/9.jpg]
[template.gridbootstrap.com/eventup/images/gallery/10.jpg]
[template.gridbootstrap.com/eventup/images/gallery/11.jpg]
[template.gridbootstrap.com/eventup/images/gallery/12.jpg]
[template.gridbootstrap.com/eventup/photo-gallery.html]
[template.gridbootstrap.com/eventup/contact.html]
[template.gridbootstrap.com/eventup/pricing.html]
[template.gridbootstrap.com/eventup/js/plyr.js]
[template.gridbootstrap.com/eventup/video-gallery.html]
[template.gridbootstrap.com/eventup/images/others/author5.png]
[template.gridbootstrap.com/eventup/blog-details.html]
[template.gridbootstrap.com/eventup/404.html]
[template.gridbootstrap.com/eventup/fonts/glyphicons-halflings-regular.html]
[template.gridbootstrap.com/eventup/fonts/glyphicons-halflings-regulard41d.html]
[template.gridbootstrap.com/eventup/fonts/glyphicons-halflings-regular-2.html]
[template.gridbootstrap.com/eventup/fonts/glyphicons-halflings-regular-3.html]
[template.gridbootstrap.com/eventup/fonts/glyphicons-halflings-regular-4.html]
[template.gridbootstrap.com/eventup/fonts/glyphicons-halflings-regular-5.html]
[template.gridbootstrap.com/eventup/fonts/fontawesome-webfont3e6e.svg]
